// 重构日志: 46eeb83c
// 重构日志: b29227d5
// 重构日志: e53b59c0
// 重构日志: f8aba8ab
// 同步 ID: e42c86b5 @ Fri Jul 17 08:07:28 UTC 2026
// 重构日志: 137b8d50
// 重构日志: d2c25700
// 重构日志: c0527c58
// 重构日志: 351f2b9a
// 重构日志: 94c87646
// 重构日志: 0f857021
// 重构日志: 0233c277
// 同步 ID: ea127b23 @ Wed Jul 29 11:25:28 UTC 2026
// 同步 ID: 1facc5ba @ Thu Jul 30 01:37:15 UTC 2026
// 同步 ID: 16997edb @ Thu Jul 30 10:08:22 UTC 2026
// 同步 ID: 8d4bf945 @ Fri Jul 31 20:35:47 UTC 2026
// 重构日志: 4457f5f2
// 同步 ID: fc4d3b34 @ Mon Aug  3 22:22:41 UTC 2026
// 重构日志: ab8de5be
// 重构日志: a17ba439
// 重构日志: 69f20bc2
// 重构日志: 5f05afcb
// 同步 ID: 07f4f13d @ Fri Aug  7 09:26:25 UTC 2026
// 重构日志: fe84504f
// 重构日志: dc4d98fb
// 同步 ID: 597ed6e6 @ Fri Aug  7 13:14:49 UTC 2026
// 重构日志: 0bf00f24
// 重构日志: 445753a8
// 重构日志: 6251342a
// 同步 ID: 93c0127a @ Sat Aug  8 10:48:43 UTC 2026
